Archive member included to satisfy reference by file (symbol)

libc.a(libc-start.o)          crt1.o (__libc_start_main)
libc.a(check_fds.o)           libc.a(libc-start.o) (__libc_check_standard_fds)
libc.a(libc-tls.o)            libc.a(libc-start.o) (__pthread_initialize_minimal)
libc.a(elf-init.o)            crt1.o (__libc_csu_init)
libc.a(errno.o)               libc.a(check_fds.o) (__libc_errno)
libc.a(assert.o)              libc.a(libc-start.o) (__assert_fail)
libc.a(dcgettext.o)           libc.a(assert.o) (__dcgettext)
libc.a(dcigettext.o)          libc.a(dcgettext.o) (__dcigettext)
libc.a(finddomain.o)          libc.a(dcigettext.o) (_nl_find_domain)
libc.a(loadmsgcat.o)          libc.a(dcigettext.o) (_nl_load_domain)
libc.a(localealias.o)         libc.a(finddomain.o) (_nl_expand_alias)
libc.a(l10nflist.o)           libc.a(finddomain.o) (_nl_make_l10nflist)
libc.a(explodename.o)         libc.a(finddomain.o) (_nl_explode_name)
libc.a(plural.o)              libc.a(loadmsgcat.o) (__gettext_free_exp)
libc.a(plural-exp.o)          libc.a(loadmsgcat.o) (__gettext_extract_plural)
libc.a(hash-string.o)         libc.a(dcigettext.o) (__hash_string)
libc.a(bsd-_setjmp.o)         libc.a(libc-start.o) (_setjmp)
libc.a(abort.o)               libc.a(assert.o) (abort)
libc.a(msort.o)               libc.a(localealias.o) (qsort)
libc.a(getenv.o)              libc.a(dcigettext.o) (getenv)
libc.a(exit.o)                libc.a(libc-start.o) (exit)
libc.a(cxa_atexit.o)          libc.a(libc-start.o) (__cxa_atexit)
libc.a(strtoul.o)             libc.a(plural-exp.o) (strtoul)
libc.a(strtoul_l.o)           libc.a(strtoul.o) (____strtoul_l_internal)
libc.a(grouping.o)            libc.a(strtoul_l.o) (__correctly_grouped_prefixmb)
libc.a(asprintf.o)            libc.a(assert.o) (__asprintf)
libc.a(fxprintf.o)            libc.a(assert.o) (__fxprintf)
libc.a(iofclose.o)            libc.a(localealias.o) (_IO_new_fclose)
libc.a(iofflush.o)            libc.a(assert.o) (_IO_fflush)
libc.a(iofopen.o)             libc.a(localealias.o) (_IO_new_fopen)
libc.a(ioputs.o)              hello.o (puts)
libc.a(vasprintf.o)           libc.a(asprintf.o) (_IO_vasprintf)
libc.a(fcloseall.o)           libc.a(abort.o) (__fcloseall)
libc.a(libc_fatal.o)          libc.a(libc-start.o) (__libc_fatal)
libc.a(iofgets_u.o)           libc.a(localealias.o) (fgets_unlocked)
libc.a(wfileops.o)            libc.a(iofopen.o) (_IO_wfile_jumps_maybe_mmap)
libc.a(fileops.o)             libc.a(wfileops.o) (_IO_file_close)
libc.a(genops.o)              libc.a(fcloseall.o) (_IO_cleanup)
libc.a(stdfiles.o)            libc.a(genops.o) (_IO_list_all)
libc.a(stdio.o)               libc.a(assert.o) (stderr)
libc.a(strops.o)              libc.a(vasprintf.o) (_IO_str_init_static_internal)
libc.a(malloc.o)              libc.a(dcigettext.o) (malloc)
libc.a(morecore.o)            libc.a(malloc.o) (__default_morecore)
libc.a(strchr.o)              libc.a(dcigettext.o) (strchr)
libc.a(strcmp.o)              libc.a(dcigettext.o) (strcmp)
libc.a(strcpy.o)              libc.a(assert.o) (strcpy)
libc.a(strdup.o)              libc.a(dcigettext.o) (__strdup)
libc.a(strlen.o)              libc.a(dcigettext.o) (strlen)
libc.a(strncmp.o)             libc.a(getenv.o) (strncmp)
libc.a(strstr.o)              libc.a(dcigettext.o) (strstr)
libc.a(memchr.o)              libc.a(strstr.o) (memchr)
libc.a(memcmp.o)              libc.a(malloc.o) (memcmp)
libc.a(memmove.o)             libc.a(wfileops.o) (memmove)
libc.a(memset.o)              libc.a(strops.o) (memset)
libc.a(mempcpy.o)             libc.a(dcigettext.o) (mempcpy)
libc.a(stpcpy.o)              libc.a(dcigettext.o) (stpcpy)
libc.a(strcasecmp_l.o)        libc.a(localealias.o) (__strcasecmp_l)
libc.a(memcpy.o)              libc.a(libc-tls.o) (memcpy)
libc.a(wordcopy.o)            libc.a(memmove.o) (_wordcopy_fwd_aligned)
libc.a(rawmemchr.o)           libc.a(dcigettext.o) (__rawmemchr)
libc.a(strchrnul.o)           libc.a(libc_fatal.o) (__strchrnul)
libc.a(argz-count.o)          libc.a(l10nflist.o) (__argz_count)
libc.a(argz-stringify.o)      libc.a(l10nflist.o) (__argz_stringify)
libc.a(strcmp-ssse3.o)        libc.a(strcmp.o) (__strcmp_ssse3)
libc.a(strcmp-sse2-unaligned.o)
                              libc.a(strcmp.o) (__strcmp_sse2_unaligned)
libc.a(memcmp-sse4.o)         libc.a(memcmp.o) (__memcmp_sse4_1)
libc.a(memmove-ssse3.o)       libc.a(memmove.o) (__memmove_ssse3)
libc.a(memmove-ssse3-back.o)  libc.a(memmove.o) (__memmove_ssse3_back)
libc.a(strcasecmp_l-ssse3.o)  libc.a(strcasecmp_l.o) (__strcasecmp_ssse3)
libc.a(strcpy-ssse3.o)        libc.a(strcpy.o) (__strcpy_ssse3)
libc.a(stpcpy-ssse3.o)        libc.a(stpcpy.o) (__stpcpy_ssse3)
libc.a(strcpy-sse2-unaligned.o)
                              libc.a(strcpy.o) (__strcpy_sse2_unaligned)
libc.a(stpcpy-sse2-unaligned.o)
                              libc.a(stpcpy.o) (__stpcpy_sse2_unaligned)
libc.a(strchr-sse2-no-bsf.o)  libc.a(strchr.o) (__strchr_sse2_no_bsf)
[...]
Memory Configuration

Name             Origin             Length             Attributes
*default*        0x0000000000000000 0xffffffffffffffff

Linker script and memory map

LOAD crt1.o
LOAD crti.o
LOAD crtbeginT.o
LOAD hello.o
START GROUP
LOAD libgcc.a
LOAD libgcc_eh.a
LOAD libc.a
END GROUP
LOAD crtend.o
LOAD crtn.o
                0x0000000000400000                PROVIDE (__executable_start, 0x400000)
                0x0000000000400190                . = (0x400000 + SIZEOF_HEADERS)

.interp
 *(.interp)

.note.ABI-tag   0x0000000000400190       0x20
 .note.ABI-tag  0x0000000000400190       0x20 crt1.o

.note.gnu.build-id
                0x00000000004001b0       0x24
 *(.note.gnu.build-id)
 .note.gnu.build-id
                0x00000000004001b0       0x24 crt1.o

.hash
 *(.hash)

.gnu.hash
 *(.gnu.hash)

.dynsym
 *(.dynsym)

.dynstr
 *(.dynstr)

.gnu.version
 *(.gnu.version)

.gnu.version_d
 *(.gnu.version_d)

.gnu.version_r
 *(.gnu.version_r)

.rela.dyn       0x00000000004001d8        0x0
 *(.rela.init)
 *(.rela.text .rela.text.* .rela.gnu.linkonce.t.*)
 .rela.text     0x00000000004001d8        0x0 crt1.o
 .rela.text.unlikely
                0x00000000004001d8        0x0 crt1.o
 .rela.text.sse4.2
                0x00000000004001d8        0x0 crt1.o
 .rela.text.avx
                0x00000000004001d8        0x0 crt1.o
 .rela.text.sse4.1
                0x00000000004001d8        0x0 crt1.o
 .rela.text.ssse3
                0x00000000004001d8        0x0 crt1.o
 .rela.text.startup
                0x00000000004001d8        0x0 crt1.o
 *(.rela.fini)
 *(.rela.rodata .rela.rodata.* .rela.gnu.linkonce.r.*)
 .rela.rodata   0x00000000004001d8        0x0 crt1.o
 *(.rela.data .rela.data.* .rela.gnu.linkonce.d.*)
 .rela.data     0x00000000004001d8        0x0 crt1.o
 *(.rela.tdata .rela.tdata.* .rela.gnu.linkonce.td.*)
 *(.rela.tbss .rela.tbss.* .rela.gnu.linkonce.tb.*)
 *(.rela.ctors)
 *(.rela.dtors)
 *(.rela.got)
 .rela.got      0x00000000004001d8        0x0 crt1.o
 *(.rela.bss .rela.bss.* .rela.gnu.linkonce.b.*)
 *(.rela.ldata .rela.ldata.* .rela.gnu.linkonce.l.*)
 *(.rela.lbss .rela.lbss.* .rela.gnu.linkonce.lb.*)
 *(.rela.lrodata .rela.lrodata.* .rela.gnu.linkonce.lr.*)
 *(.rela.ifunc)
 .rela__libc_freeres_fn
                0x00000000004001d8        0x0 crt1.o
 .rela.eh_frame
                0x00000000004001d8        0x0 crt1.o
 .rela__libc_thread_freeres_fn
                0x00000000004001d8        0x0 crt1.o

.rela.plt       0x00000000004001d8       0xd8
 *(.rela.plt)
                0x00000000004001d8                PROVIDE (__rela_iplt_start, .)
 *(.rela.iplt)
 .rela.iplt     0x00000000004001d8       0xd8 crt1.o
                0x00000000004002b0                PROVIDE (__rela_iplt_end, .)

.init           0x00000000004002b0       0x1a
 *(SORT(.init))
 .init          0x00000000004002b0       0x15 crti.o
                0x00000000004002b0                _init
 .init          0x00000000004002c5        0x5 crtn.o

.plt            0x00000000004002d0       0x90
 *(.plt)
 *(.iplt)
 .iplt          0x00000000004002d0       0x90 crt1.o

.plt.bnd
 *(.plt.bnd)

.text           0x0000000000400360    0x91804
 *(.text.unlikely .text.*_unlikely .text.unlikely.*)
 .text.unlikely
                0x0000000000400360        0x0 crtbeginT.o
 .text.unlikely
                0x0000000000400360       0x71 libc.a(check_fds.o)
 .text.unlikely
                0x00000000004003d1       0xc5 libc.a(libc_fatal.o)
 .text.unlikely
                0x0000000000400496       0x1a libc.a(gconv_db.o)
 .text.unlikely
                0x00000000004004b0       0x72 libc.a(findlocale.o)
 .text.unlikely
                0x0000000000400522      0x348 libc.a(vfprintf.o)
 .text.unlikely
                0x000000000040086a      0x20a libc.a(printf_fp.o)
 .text.unlikely
                0x0000000000400a74      0x245 libc.a(vfwprintf.o)
 .text.unlikely
                0x0000000000400cb9        0x0 libgcc_eh.a(unwind-dw2.o)
 .text.unlikely
                0x0000000000400cb9        0x0 libgcc_eh.a(unwind-dw2-fde-dip.o)
 .text.unlikely
                0x0000000000400cb9        0x0 libgcc_eh.a(unwind-c.o)
 *(.text.exit .text.exit.*)
 *fill*         0x0000000000400cb9        0x7 
 .text.exit     0x0000000000400cc0       0x26 libc.a(sdlerror.o)
 *(.text.startup .text.startup.*)
 *fill*         0x0000000000400ce6        0xa 
 .text.startup  0x0000000000400cf0      0x25e libc.a(cacheinfo.o)
 *(.text.hot .text.hot.*)
 *(.text .stub .text.* .gnu.linkonce.t.*)
 .text          0x0000000000400f4e       0x2a crt1.o
                0x0000000000400f4e                _start
 .text          0x0000000000400f78        0x0 crti.o
 *fill*         0x0000000000400f78        0x8 
 .text          0x0000000000400f80       0xee crtbeginT.o
 .text          0x000000000040106e       0x20 hello.o
                0x000000000040106e                main
 *fill*         0x000000000040108e        0x2 
 .text          0x0000000000401090      0x335 libc.a(libc-start.o)
                0x0000000000401090                __libc_start_main
 *fill*         0x00000000004013c5        0xb 
 .text          0x00000000004013d0       0x9e libc.a(check_fds.o)
                0x00000000004013d0                __libc_check_standard_fds
 *fill*         0x000000000040146e        0x2 
 .text          0x0000000000401470      0x28f libc.a(libc-tls.o)
                0x0000000000401470                __libc_setup_tls
                0x0000000000401680                _dl_tls_setup
                0x00000000004016f0                __pthread_initialize_minimal
 *fill*         0x00000000004016ff        0x1 
 .text          0x0000000000401700       0xc3 libc.a(elf-init.o)
                0x0000000000401700                __libc_csu_init
                0x0000000000401790                __libc_csu_fini
 .text          0x00000000004017c3        0x0 libc.a(errno.o)
 *fill*         0x00000000004017c3        0xd 
 .text          0x00000000004017d0      0x17e libc.a(assert.o)
                0x00000000004017d0                __assert_fail_base
                0x0000000000401910                __assert_fail
 *fill*         0x000000000040194e        0x2 
 .text          0x0000000000401950        0xf libc.a(dcgettext.o)
                0x0000000000401950                __dcgettext
                0x0000000000401950                dcgettext
 *fill*         0x000000000040195f        0x1 
 .text          0x0000000000401960     0x16d6 libc.a(dcigettext.o)
                0x0000000000401b90                _nl_find_msg
                0x00000000004026f0                __dcigettext
 *fill*         0x0000000000403036        0xa 
 .text          0x0000000000403040      0x29a libc.a(finddomain.o)
                0x0000000000403040                _nl_find_domain
 *fill*         0x00000000004032da        0x6 
 .text          0x00000000004032e0     0x1689 libc.a(loadmsgcat.o)
                0x00000000004032e0                _nl_load_domain
 *fill*         0x0000000000404969        0x7 
 .text          0x0000000000404970      0x65d libc.a(localealias.o)
                0x0000000000404e30                _nl_expand_alias
 *fill*         0x0000000000404fcd        0x3 
 .text          0x0000000000404fd0      0x621 libc.a(l10nflist.o)
                0x0000000000404fd0                _nl_make_l10nflist
                0x00000000004054e0                _nl_normalize_codeset
 *fill*         0x00000000004055f1        0xf 
 .text          0x0000000000405600      0x2c6 libc.a(explodename.o)
                0x0000000000405600                _nl_explode_name
 *fill*         0x00000000004058c6        0xa 
 .text          0x00000000004058d0      0xfe8 libc.a(plural.o)
                0x00000000004058d0                __gettext_free_exp
                0x0000000000406050                __gettextparse
 *fill*         0x00000000004068b8        0x8 
 .text          0x00000000004068c0       0xdc libc.a(plural-exp.o)
                0x00000000004068c0                __gettext_extract_plural
 *fill*         0x000000000040699c        0x4 
 .text          0x00000000004069a0       0x38 libc.a(hash-string.o)
                0x00000000004069a0                __hash_string
 *fill*         0x00000000004069d8        0x8 
 .text          0x00000000004069e0        0x7 libc.a(bsd-_setjmp.o)
                0x00000000004069e0                _setjmp
 *fill*         0x00000000004069e7        0x9 
 .text          0x00000000004069f0      0x309 libc.a(abort.o)
                0x00000000004069f0                abort
 *fill*         0x0000000000406cf9        0x7 
 .text          0x0000000000406d00      0x648 libc.a(msort.o)
                0x0000000000407010                qsort_r
                0x0000000000407340                qsort
 *fill*         0x0000000000407348        0x8 
 .text          0x0000000000407350       0xdc libc.a(getenv.o)
                0x0000000000407350                getenv
 *fill*         0x000000000040742c        0x4 
 .text          0x0000000000407430      0x133 libc.a(exit.o)
                0x0000000000407430                __run_exit_handlers
                0x0000000000407550                exit
 *fill*         0x0000000000407563        0xd 
 .text          0x0000000000407570      0x23b libc.a(cxa_atexit.o)
                0x0000000000407570                __new_exitfn
                0x00000000004076d0                __internal_atexit
                0x0000000000407720                __cxa_atexit
 *fill*         0x00000000004077ab        0x5 
 .text          0x00000000004077b0       0x22 libc.a(strtoul.o)
                0x00000000004077b0                __strtoull_internal
                0x00000000004077b0                __strtoul_internal
                0x00000000004077c0                strtoul
                0x00000000004077c0                strtoull
                0x00000000004077c0                strtouq
 *fill*         0x00000000004077d2        0xe 
 .text          0x00000000004077e0      0x45a libc.a(strtoul_l.o)
                0x00000000004077e0                ____strtoul_l_internal
                0x00000000004077e0                ____strtoull_l_internal
                0x0000000000407c30                __strtoull_l
                0x0000000000407c30                strtoull_l
                0x0000000000407c30                strtoul_l
                0x0000000000407c30                __strtoul_l
 *fill*         0x0000000000407c3a        0x6 
 .text          0x0000000000407c40      0x24d libc.a(grouping.o)
                0x0000000000407c40                __correctly_grouped_prefixmb
 *fill*         0x0000000000407e8d        0x3 
 .text          0x0000000000407e90       0x8f libc.a(asprintf.o)
                0x0000000000407e90                __asprintf
                0x0000000000407e90                asprintf
                0x0000000000407e90                ___asprintf
 *fill*         0x0000000000407f1f        0x1 
 .text          0x0000000000407f20      0x143 libc.a(fxprintf.o)
                0x0000000000407f20                __fxprintf
 *fill*         0x0000000000408063        0xd 
 .text          0x0000000000408070      0x29f libc.a(iofclose.o)
                0x0000000000408070                _IO_fclose
                0x0000000000408070                _IO_new_fclose
                0x0000000000408070                fclose
                0x0000000000408070                __new_fclose
 *fill*         0x000000000040830f        0x1 
 .text          0x0000000000408310      0x14f libc.a(iofflush.o)
                0x0000000000408310                _IO_fflush
                0x0000000000408310                fflush
 *fill*         0x000000000040845f        0x1 
 .text          0x0000000000408460      0x1e8 libc.a(iofopen.o)
                0x0000000000408460                __fopen_maybe_mmap
                0x00000000004084a0                __fopen_internal
                0x0000000000408580                _IO_fopen64
                0x0000000000408580                _IO_new_fopen
                0x0000000000408580                fopen
                0x0000000000408580                _IO_fopen
                0x0000000000408580                __new_fopen
                0x0000000000408580                fopen64
 *fill*         0x0000000000408648        0x8 
 .text          0x0000000000408650      0x1dd libc.a(ioputs.o)
                0x0000000000408650                puts
                0x0000000000408650                _IO_puts
 *fill*         0x000000000040882d        0x3 
 .text          0x0000000000408830      0x147 libc.a(vasprintf.o)
                0x0000000000408830                _IO_vasprintf
                0x0000000000408830                vasprintf
 *fill*         0x0000000000408977        0x9 
 .text          0x0000000000408980        0x5 libc.a(fcloseall.o)
                0x0000000000408980                __fcloseall
                0x0000000000408980                fcloseall
 *fill*         0x0000000000408985        0xb 
 .text          0x0000000000408990      0x468 libc.a(libc_fatal.o)
                0x0000000000408b20                __libc_message
                0x0000000000408de0                __libc_fatal
 *fill*         0x0000000000408df8        0x8 
 .text          0x0000000000408e00       0x83 libc.a(iofgets_u.o)
                0x0000000000408e00                fgets_unlocked
 *fill*         0x0000000000408e83        0xd 
 .text          0x0000000000408e90     0x16cf libc.a(wfileops.o)
                0x0000000000408f60                _IO_wfile_underflow
                0x0000000000409550                _IO_wfile_seekoff
                0x0000000000409dd0                _IO_wdo_write
                0x0000000000409f10                _IO_wfile_overflow
                0x000000000040a1a0                _IO_wfile_sync
                0x000000000040a2f0                _IO_wfile_xsputn
 *fill*         0x000000000040a55f        0x1 
 .text          0x000000000040a560     0x2245 libc.a(fileops.o)
                0x000000000040a590                _IO_file_close
                0x000000000040a5a0                _IO_file_setbuf
                0x000000000040a5a0                _IO_new_file_setbuf
                0x000000000040a5d0                _IO_file_underflow
                0x000000000040a5d0                _IO_new_file_underflow
                0x000000000040a820                _IO_file_seekoff
                0x000000000040a820                _IO_new_file_seekoff
                0x000000000040ac50                _IO_file_close_mmap
                0x000000000040ac80                _IO_file_seek
                0x000000000040ae70                _IO_file_stat
                0x000000000040ae80                _IO_file_write
                0x000000000040ae80                _IO_new_file_write
                0x000000000040b1c0                _IO_file_xsgetn
                0x000000000040b3b0                _IO_file_seekoff_mmap
                0x000000000040b490                _IO_file_read
                0x000000000040b4b0                _IO_new_file_xsputn
                0x000000000040b4b0                _IO_file_xsputn
                0x000000000040b720                _IO_file_setbuf_mmap
                0x000000000040b790                _IO_file_underflow_maybe_mmap
                0x000000000040b8f0                _IO_file_underflow_mmap
                0x000000000040bb00                _IO_new_file_init
                0x000000000040bb00                _IO_file_init
                0x000000000040bb30                _IO_file_open
                0x000000000040bbe0                _IO_new_file_attach
                0x000000000040bbe0                _IO_file_attach
                0x000000000040bc60                _IO_new_do_write
                0x000000000040bc60                _IO_do_write
                0x000000000040bd70                _IO_new_file_close_it
                0x000000000040bd70                _IO_file_close_it
                0x000000000040bef0                _IO_new_file_fopen
                0x000000000040bef0                _IO_file_fopen
                0x000000000040c420                _IO_file_finish
                0x000000000040c420                _IO_new_file_finish
                0x000000000040c4a0                _IO_file_overflow
                0x000000000040c4a0                _IO_new_file_overflow
                0x000000000040c6a0                _IO_file_sync
                0x000000000040c6a0                _IO_new_file_sync
 *fill*         0x000000000040c7a5        0xb 
 .text          0x000000000040c7b0     0x2523 libc.a(genops.o)
                0x000000000040ca20                _IO_cleanup
                0x000000000040cca0                _IO_un_link
                0x000000000040cee0                _IO_link_in
                0x000000000040d0d0                _IO_least_marker
                0x000000000040d100                _IO_switch_to_main_get_area
                0x000000000040d130                _IO_switch_to_backup_area
                0x000000000040d160                _IO_switch_to_get_mode
                0x000000000040d1d0                _IO_free_backup_area
                0x000000000040d230                __overflow
                0x000000000040d260                __underflow
                0x000000000040d3e0                __uflow
                0x000000000040d570                _IO_setb
                0x000000000040d5e0                _IO_doallocbuf
                0x000000000040d680                _IO_default_underflow
                0x000000000040d690                _IO_default_uflow
                0x000000000040d6c0                _IO_default_xsputn
                0x000000000040d7f0                _IO_sgetn
                0x000000000040d800                _IO_default_xsgetn
                0x000000000040db20                _IO_default_setbuf
                0x000000000040dc40                _IO_default_seekpos
                0x000000000040dc60                _IO_default_doallocate
                0x000000000040dce0                _IO_init
                0x000000000040ddb0                _IO_old_init
                0x000000000040de60                _IO_no_init
                0x000000000040dfa0                _IO_default_sync
                0x000000000040dfb0                _IO_default_finish
                0x000000000040e030                _IO_default_seekoff
                0x000000000040e040                _IO_sputbackc
                0x000000000040e080                _IO_sungetc
                0x000000000040e0c0                _IO_adjust_column
                0x000000000040e100                _IO_flush_all_lockp
                0x000000000040e360                _IO_flush_all
                0x000000000040e370                _IO_flush_all_linebuffered
                0x000000000040e370                _flushlbf
                0x000000000040e580                _IO_init_marker
                0x000000000040e640                _IO_remove_marker
                0x000000000040e680                _IO_marker_difference
                0x000000000040e690                _IO_marker_delta
                0x000000000040e6c0                _IO_seekmark
                0x000000000040e760                _IO_unsave_markers
                0x000000000040e7d0                _IO_default_pbackfail
                0x000000000040e920                _IO_default_seek
                0x000000000040e930                _IO_default_stat
                0x000000000040e940                _IO_default_read
                0x000000000040e950                _IO_default_write
                0x000000000040e960                _IO_default_showmanyc
                0x000000000040e970                _IO_default_imbue
                0x000000000040e980                _IO_iter_begin
                0x000000000040e990                _IO_iter_end
                0x000000000040e9a0                _IO_iter_next
                0x000000000040e9b0                _IO_iter_file
                0x000000000040e9c0                _IO_list_lock
                0x000000000040ea10                _IO_list_unlock
                0x000000000040ea50                _IO_list_resetlock
 .text          0x000000000040ecd3        0x0 libc.a(stdfiles.o)
 .text          0x000000000040ecd3        0x0 libc.a(stdio.o)
 *fill*         0x000000000040ecd3        0xd 
 .text          0x000000000040ece0      0x772 libc.a(strops.o)
                0x000000000040ece0                _IO_str_underflow
                0x000000000040ed40                _IO_str_overflow
                0x000000000040f070                _IO_str_seekoff
                0x000000000040f230                _IO_str_pbackfail
                0x000000000040f250                _IO_str_finish
                0x000000000040f280                _IO_str_init_static_internal
                0x000000000040f320                _IO_str_init_static
                0x000000000040f3c0                _IO_str_init_readonly
                0x000000000040f440                _IO_str_count
 *fill*         0x000000000040f452        0xe 
 .text          0x000000000040f460     0x7915 libc.a(malloc.o)
                0x00000000004144f0                __malloc_check_init
                0x0000000000414550                malloc
                0x0000000000414550                __malloc
                0x0000000000414550                __libc_malloc
                0x00000000004147c0                malloc_get_state
                0x00000000004147c0                __malloc_get_state
                0x0000000000414bd0                __cfree
                0x0000000000414bd0                __free
                0x0000000000414bd0                __libc_free
                0x0000000000414bd0                cfree
                0x0000000000414bd0                free
                0x0000000000414cc0                __libc_realloc
                0x0000000000414cc0                realloc
                0x0000000000414cc0                __realloc
                0x0000000000414fd0                __libc_memalign
                0x0000000000414fd0                __memalign
                0x0000000000414fd0                memalign
                0x0000000000414fd0                aligned_alloc
                0x0000000000414fe0                __calloc
                0x0000000000414fe0                calloc
                0x0000000000414fe0                __libc_calloc
                0x00000000004152c0                malloc_usable_size
                0x00000000004152c0                __malloc_usable_size
                0x00000000004153a0                __libc_mallopt
                0x00000000004153a0                mallopt
                0x00000000004153a0                __mallopt
                0x0000000000415a10                malloc_set_state
                0x0000000000415a10                __malloc_set_state
                0x0000000000415f40                __libc_valloc
                0x0000000000415f40                valloc
                0x0000000000415f40                __valloc
                0x0000000000415f90                pvalloc
                0x0000000000415f90                __libc_pvalloc
                0x0000000000415f90                __pvalloc
                0x0000000000416010                __malloc_trim
                0x0000000000416010                malloc_trim
                0x00000000004162a0                __mallinfo
                0x00000000004162a0                __libc_mallinfo
                0x00000000004162a0                mallinfo
                0x00000000004163a0                malloc_stats
                0x00000000004163a0                __malloc_stats
                0x0000000000416590                __posix_memalign
                0x0000000000416590                posix_memalign
                0x00000000004165f0                malloc_info
 *fill*         0x0000000000416d75        0xb 
 .text          0x0000000000416d80       0x1b libc.a(morecore.o)
                0x0000000000416d80                __default_morecore
 *fill*         0x0000000000416d9b        0x5 
 .text          0x0000000000416da0      0x24a libc.a(strchr.o)
                0x0000000000416da0                index
                0x0000000000416da0                strchr
                0x0000000000416dd0                __strchr_sse2
                0x0000000000416dd0                __GI_strchr
 *fill*         0x0000000000416fea        0x6 
 .text          0x0000000000416ff0     0x1479 libc.a(strcmp.o)
                0x0000000000416ff0                strcmp
                0x0000000000417030                __strcmp_sse2
                0x0000000000417030                __GI_strcmp
 *fill*         0x0000000000418469        0x7 
 .text.sse4.2   0x0000000000418470      0xda9 libc.a(strcmp.o)
                0x0000000000418470                __strcmp_sse42
 *fill*         0x0000000000419219        0x7 
 .text          0x0000000000419220      0x11c libc.a(strcpy.o)
                0x0000000000419220                strcpy
                0x0000000000419260                __GI_strcpy
                0x0000000000419260                __strcpy_sse2
 *fill*         0x000000000041933c        0x4 
 .text          0x0000000000419340       0x41 libc.a(strdup.o)
                0x0000000000419340                __strdup
                0x0000000000419340                strdup
 *fill*         0x0000000000419381        0xf 
 .text          0x0000000000419390      0x1b4 libc.a(strlen.o)
                0x0000000000419390                strlen
 *fill*         0x0000000000419544        0xc 
 .text          0x0000000000419550     0x1849 libc.a(strncmp.o)
                0x0000000000419550                strncmp
 *fill*         0x000000000041ad99        0x7 
 .text          0x000000000041ada0      0xaf7 libc.a(strstr.o)
                0x000000000041b2a0                __strstr_sse2
                0x000000000041b860                strstr
                0x000000000041b860                __libc_strstr
 *fill*         0x000000000041b897        0x9 
 .text          0x000000000041b8a0      0x344 libc.a(memchr.o)
                0x000000000041b8a0                memchr
                0x000000000041b8a0                __memchr
 *fill*         0x000000000041bbe4        0xc 
 .text          0x000000000041bbf0      0x440 libc.a(memcmp.o)
                0x000000000041bbf0                bcmp
                0x000000000041bbf0                memcmp
                0x000000000041bc30                __memcmp_sse2
 .text          0x000000000041c030      0x1d7 libc.a(memmove.o)
                0x000000000041c030                __memmove_sse2
                0x000000000041c1c0                memmove
                0x000000000041c1c0                __libc_memmove
 *fill*         0x000000000041c207        0x9 
 .text          0x000000000041c210      0x127 libc.a(memset.o)
                0x000000000041c210                __bzero
                0x000000000041c210                bzero
                0x000000000041c220                __memset_tail
                0x000000000041c240                memset
 *fill*         0x000000000041c337        0x9 
 .text          0x000000000041c340      0x452 libc.a(mempcpy.o)
                0x000000000041c340                mempcpy
                0x000000000041c340                __mempcpy
 *fill*         0x000000000041c792        0xe 
 .text          0x000000000041c7a0      0x11c libc.a(stpcpy.o)
                0x000000000041c7a0                stpcpy
                0x000000000041c7a0                __stpcpy
                0x000000000041c7e0                __GI_stpcpy
                0x000000000041c7e0                __GI___stpcpy
                0x000000000041c7e0                __stpcpy_sse2
 *fill*         0x000000000041c8bc        0x4 
 .text          0x000000000041c8c0     0x22e6 libc.a(strcasecmp_l.o)
                0x000000000041c8c0                strcasecmp_l
                0x000000000041c8c0                __strcasecmp_l
                0x000000000041c910                strcasecmp
                0x000000000041c910                __strcasecmp
                0x000000000041c970                __strcasecmp_sse2
                0x000000000041c980                __GI___strcasecmp_l
                0x000000000041c980                __strcasecmp_l_sse2
 *fill*         0x000000000041eba6        0xa 
 .text.sse4.2   0x000000000041ebb0     0x1ba6 libc.a(strcasecmp_l.o)
                0x000000000041ebb0                __strcasecmp_sse42
                0x000000000041ebc0                __strcasecmp_l_sse42
 *fill*         0x0000000000420756        0xa 
 .text.avx      0x0000000000420760     0x1666 libc.a(strcasecmp_l.o)
                0x0000000000420760                __strcasecmp_avx
                0x0000000000420770                __strcasecmp_l_avx
 *fill*         0x0000000000421dc6        0xa 
 .text          0x0000000000421dd0      0x465 libc.a(memcpy.o)
                0x0000000000421dd0                memcpy
 *fill*         0x0000000000422235        0xb 
 .text          0x0000000000422240      0x536 libc.a(wordcopy.o)
                0x0000000000422240                _wordcopy_fwd_aligned
                0x0000000000422370                _wordcopy_fwd_dest_aligned
                0x00000000004224a0                _wordcopy_bwd_aligned
                0x0000000000422620                _wordcopy_bwd_dest_aligned
 *fill*         0x0000000000422776        0xa 
 .text          0x0000000000422780      0x204 libc.a(rawmemchr.o)
                0x0000000000422780                __rawmemchr
                0x0000000000422780                rawmemchr
 *fill*         0x0000000000422984        0xc 
 .text          0x0000000000422990      0x20a libc.a(strchrnul.o)
                0x0000000000422990                __strchrnul
                0x0000000000422990                strchrnul
 *fill*         0x0000000000422b9a        0x6 
 .text          0x0000000000422ba0       0x45 libc.a(argz-count.o)
                0x0000000000422ba0                argz_count
                0x0000000000422ba0                __argz_count
 *fill*         0x0000000000422be5        0xb 
 .text          0x0000000000422bf0       0x44 libc.a(argz-stringify.o)
                0x0000000000422bf0                argz_stringify
                0x0000000000422bf0                __argz_stringify
 .text          0x0000000000422c34        0x0 libc.a(strcmp-ssse3.o)
 *fill*         0x0000000000422c34        0xc 
 .text.ssse3    0x0000000000422c40     0x1259 libc.a(strcmp-ssse3.o)
                0x0000000000422c40                __strcmp_ssse3
 *fill*         0x0000000000423e99        0x7 
 .text          0x0000000000423ea0      0x2a3 libc.a(strcmp-sse2-unaligned.o)
                0x0000000000423ea0                __strcmp_sse2_unaligned
 .text          0x0000000000424143        0x0 libc.a(memcmp-sse4.o)
 *fill*         0x0000000000424143        0xd 
 .text.sse4.1   0x0000000000424150     0x163e libc.a(memcmp-sse4.o)
                0x0000000000424150                __memcmp_sse4_1
 .text          0x000000000042578e        0x0 libc.a(memmove-ssse3.o)
 *fill*         0x000000000042578e        0x2 
 .text.ssse3    0x0000000000425790     0x2b77 libc.a(memmove-ssse3.o)
                0x0000000000425790                __memmove_chk_ssse3
                0x00000000004257a0                __memmove_ssse3
 .text          0x0000000000428307        0x0 libc.a(memmove-ssse3-back.o)
 *fill*         0x0000000000428307        0x9 
 .text.ssse3    0x0000000000428310     0x2b16 libc.a(memmove-ssse3-back.o)
                0x0000000000428310                __memmove_chk_ssse3_back
                0x0000000000428320                __memmove_ssse3_back
 .text          0x000000000042ae26        0x0 libc.a(strcasecmp_l-ssse3.o)
 *fill*         0x000000000042ae26        0xa 
 .text.ssse3    0x000000000042ae30     0x2146 libc.a(strcasecmp_l-ssse3.o)
                0x000000000042ae30                __strcasecmp_ssse3
                0x000000000042ae40                __strcasecmp_l_ssse3
 .text          0x000000000042cf76        0x0 libc.a(strcpy-ssse3.o)
 *fill*         0x000000000042cf76        0xa 
 .text.ssse3    0x000000000042cf80     0x17a2 libc.a(strcpy-ssse3.o)
                0x000000000042cf80                __strcpy_ssse3
 .text          0x000000000042e722        0x0 libc.a(stpcpy-ssse3.o)
 *fill*         0x000000000042e722        0xe 
 .text.ssse3    0x000000000042e730     0x1803 libc.a(stpcpy-ssse3.o)
                0x000000000042e730                __stpcpy_ssse3
 *fill*         0x000000000042ff33        0xd 
 .text          0x000000000042ff40      0x630 libc.a(strcpy-sse2-unaligned.o)
                0x000000000042ff40                __strcpy_sse2_unaligned
 .text          0x0000000000430570      0x6b0 libc.a(stpcpy-sse2-unaligned.o)
                0x0000000000430570                __stpcpy_sse2_unaligned
 .text          0x0000000000430c20        0x0 libc.a(strchr-sse2-no-bsf.o)
 .text.atom     0x0000000000430c20      0x315 libc.a(strchr-sse2-no-bsf.o)
                0x0000000000430c20                __strchr_sse2_no_bsf
 .text          0x0000000000430f35        0x0 libc.a(memcmp-ssse3.o)
 *fill*         0x0000000000430f35        0xb 
 .text.atom     0x0000000000430f40     0x1763 libc.a(memcmp-ssse3.o)
                0x0000000000430f40                __memcmp_ssse3
 *fill*         0x00000000004326a3        0xd 
 .text          0x00000000004326b0      0x493 libc.a(strstr-sse2-unaligned.o)
                0x00000000004326b0                __strstr_sse2_unaligned
 *fill*         0x0000000000432b43        0xd 
 .text          0x0000000000432b50      0x637 libc.a(cacheinfo.o)
                0x0000000000433130                __cache_sysconf
 *fill*         0x0000000000433187        0x9 
 .text          0x0000000000433190       0x3b libc.a(strcasecmp_l-nonascii.o)
                0x0000000000433190                __strcasecmp_l_nonascii
 *fill*         0x00000000004331cb        0x5 
 .text          0x00000000004331d0        0x9 libc.a(wmempcpy.o)
                0x00000000004331d0                wmempcpy
                0x00000000004331d0                __wmempcpy
 *fill*         0x00000000004331d9        0x7 
 .text          0x00000000004331e0      0x492 libc.a(wcsmbsload.o)
                0x00000000004331e0                _nl_cleanup_ctype
                0x0000000000433230                __wcsmbs_getfct
                0x0000000000433290                __wcsmbs_load_conv
                0x0000000000433500                __wcsmbs_clone_conv
                0x0000000000433580                __wcsmbs_named_conv
 *fill*         0x0000000000433672        0xe 
 .text          0x0000000000433680       0x55 libc.a(_exit.o)
                0x0000000000433680                _Exit
                0x0000000000433680                _exit
 *fill*         0x00000000004336d5        0xb 
 .text          0x00000000004336e0      0x7c5 libc.a(sysconf.o)
                0x00000000004337c0                sysconf
                0x00000000004337c0                __sysconf
 *fill*         0x0000000000433ea5        0xb 
 .text          0x0000000000433eb0       0x14 libc.a(sched_yield.o)
                0x0000000000433eb0                __sched_yield
                0x0000000000433eb0                sched_yield
 *fill*         0x0000000000433ec4        0xc 
 .text          0x0000000000433ed0       0x27 libc.a(get_child_max.o)
                0x0000000000433ed0                __get_child_max
 .text          0x0000000000433ef7        0x0 libc.a(environ.o)
 *fill*         0x0000000000433ef7        0x9 
 .text          0x0000000000433f00       0x13 libc.a(exit-thread.o)
                0x0000000000433f00                __exit_thread
 *fill*         0x0000000000433f13        0xd 
 .text          0x0000000000433f20       0x45 libc.a(xstat.o)
                0x0000000000433f20                _xstat
                0x0000000000433f20                __xstat64
                0x0000000000433f20                __xstat
 *fill*         0x0000000000433f65        0xb 
 .text          0x0000000000433f70       0x45 libc.a(fxstat.o)
                0x0000000000433f70                __fxstat64
                0x0000000000433f70                _fxstat
                0x0000000000433f70                __fxstat
 *fill*         0x0000000000433fb5        0xb 
 .text          0x0000000000433fc0       0x51 libc.a(open.o)
                0x0000000000433fc0                __open
                0x0000000000433fc0                __libc_open
                0x0000000000433fc0                open64
                0x0000000000433fc0                open
                0x0000000000433fc0                __open64
                0x0000000000433fc9                __open_nocancel
 *fill*         0x0000000000434011        0xf 
 .text          0x0000000000434020       0x51 libc.a(read.o)
                0x0000000000434020                __read
                0x0000000000434020                __libc_read
                0x0000000000434020                read
                0x0000000000434029                __read_nocancel
 *fill*         0x0000000000434071        0xf 
 .text          0x0000000000434080       0x51 libc.a(write.o)
                0x0000000000434080                __write
                0x0000000000434080                write
                0x0000000000434080                __libc_write
                0x0000000000434089                __write_nocancel
 *fill*         0x00000000004340d1        0xf 
 .text          0x00000000004340e0      0x25d libc.a(fcntl.o)
                0x00000000004340e0                __fcntl_nocancel
                0x00000000004341d0                __libc_fcntl
                0x00000000004341d0                __fcntl
                0x00000000004341d0                fcntl
 *fill*         0x000000000043433d        0x3 
 .text          0x0000000000434340       0x51 libc.a(close.o)
                0x0000000000434340                __libc_close
                0x0000000000434340                __close
                0x0000000000434340                close
                0x0000000000434349                __close_nocancel
 *fill*         0x0000000000434391        0xf 
 .text          0x00000000004343a0      0x693 libc.a(getcwd.o)
                0x00000000004343a0                __getcwd
                0x00000000004343a0                getcwd
 *fill*         0x0000000000434a33        0xd 
 .text          0x0000000000434a40       0x14 libc.a(getrlimit.o)
                0x0000000000434a40                getrlimit
                0x0000000000434a40                getrlimit64
                0x0000000000434a40                __getrlimit
 *fill*         0x0000000000434a54        0xc 
 .text          0x0000000000434a60       0x81 libc.a(sbrk.o)
                0x0000000000434a60                sbrk
                0x0000000000434a60                __sbrk
 *fill*         0x0000000000434ae1        0xf 
 .text          0x0000000000434af0       0x28 libc.a(getpagesize.o)
                0x0000000000434af0                getpagesize
                0x0000000000434af0                __getpagesize
 *fill*         0x0000000000434b18        0x8 
 .text          0x0000000000434b20       0x23 libc.a(getdtsz.o)
                0x0000000000434b20                __getdtablesize
                0x0000000000434b20                getdtablesize
 *fill*         0x0000000000434b43        0xd 
 .text          0x0000000000434b50       0x17 libc.a(mmap.o)
                0x0000000000434b50                __mmap
                0x0000000000434b50                mmap
                0x0000000000434b50                __mmap64
                0x0000000000434b50                mmap64
 *fill*         0x0000000000434b67        0x9 
 .text          0x0000000000434b70       0x14 libc.a(munmap.o)
                0x0000000000434b70                munmap
                0x0000000000434b70                __munmap
 *fill*         0x0000000000434b84        0xc 
 .text          0x0000000000434b90       0x14 libc.a(mprotect.o)
                0x0000000000434b90                __mprotect
                0x0000000000434b90                mprotect
 *fill*         0x0000000000434ba4        0xc 
 .text          0x0000000000434bb0       0x14 libc.a(madvise.o)
                0x0000000000434bb0                madvise
                0x0000000000434bb0                __madvise
 *fill*         0x0000000000434bc4        0xc 
 .text          0x0000000000434bd0     0x1c75 libc.a(tsearch.o)
                0x0000000000435150                tsearch
                0x0000000000435150                __tsearch
                0x0000000000435460                tfind
                0x0000000000435460                __tfind
                0x00000000004354b0                tdelete
                0x00000000004354b0                __tdelete
                0x0000000000435940                __twalk
                0x0000000000435940                twalk
                0x00000000004367d0                __tdestroy
                0x00000000004367d0                tdestroy
 *fill*         0x0000000000436845        0xb 
 .text          0x0000000000436850      0x5da libc.a(getsysstats.o)
                0x0000000000436ad0                __get_nprocs
                0x0000000000436ad0                get_nprocs
                0x0000000000436d70                __get_nprocs_conf
                0x0000000000436d70                get_nprocs_conf
                0x0000000000436e10                get_phys_pages
                0x0000000000436e10                __get_phys_pages
                0x0000000000436e20                get_avphys_pages
                0x0000000000436e20                __get_avphys_pages
 *fill*         0x0000000000436e2a        0x6 
 .text          0x0000000000436e30       0x11 libc.a(getclktck.o)
                0x0000000000436e30                __getclktck
 *fill*         0x0000000000436e41        0xf 
 .text          0x0000000000436e50       0x46 libc.a(init-misc.o)
                0x0000000000436e50                __init_misc
 *fill*         0x0000000000436e96        0xa 
 .text          0x0000000000436ea0       0x51 libc.a(llseek.o)
                0x0000000000436ea0                __llseek
                0x0000000000436ea0                __lseek64
                0x0000000000436ea0                lseek
                0x0000000000436ea0                __libc_lseek64
                0x0000000000436ea0                llseek
                0x0000000000436ea0                __lseek
                0x0000000000436ea0                __libc_lseek
                0x0000000000436ea0                lseek64
                0x0000000000436ea9                __lseek_nocancel
 *fill*         0x0000000000436ef1        0xf 
 .text          0x0000000000436f00       0x17 libc.a(mremap.o)
                0x0000000000436f00                mremap
                0x0000000000436f00                __mremap
 *fill*         0x0000000000436f17        0x9 
 .text          0x0000000000436f20       0x40 libc.a(alloca_cutoff.o)
                0x0000000000436f20                __libc_alloca_cutoff
 .text          0x0000000000436f60       0x4c libc.a(libc-lowlevellock.o)
                0x0000000000436f60                __lll_lock_wait_private
                0x0000000000436f90                __lll_unlock_wake_private
 *fill*         0x0000000000436fac        0x4 
 .text          0x0000000000436fb0       0xb9 libc.a(libc-cancellation.o)
                0x0000000000436fb0                __libc_enable_asynccancel
                0x0000000000437010                __libc_disable_asynccancel
 *fill*         0x0000000000437069        0x7 
 .text          0x0000000000437070      0x1b6 libc.a(register-atfork.o)
                0x0000000000437070                __register_atfork
                0x00000000004371c0                __linkin_atfork
 .text          0x0000000000437226        0x0 libc.a(libc_multiple_threads.o)
 *fill*         0x0000000000437226        0xa 
 .text          0x0000000000437230        0xe libc.a(chk_fail.o)
                0x0000000000437230                __chk_fail
 *fill*         0x000000000043723e        0x2 
 .text          0x0000000000437240       0x54 libc.a(fortify_fail.o)
                0x0000000000437240                __fortify_fail
 *fill*         0x0000000000437294        0xc 
 .text          0x00000000004372a0       0xe4 libc.a(backtrace.o)
                0x0000000000437330                backtrace
                0x0000000000437330                __backtrace
 *fill*         0x0000000000437384        0xc 
 .text          0x0000000000437390      0x2cc libc.a(backtracesymsfd.o)
                0x0000000000437390                __backtrace_symbols_fd
                0x0000000000437390                backtrace_symbols_fd
 *fill*         0x000000000043765c        0x4 
 .text          0x0000000000437660      0xb34 libc.a(dl-support.o)
                0x0000000000437660                _dl_aux_init
                0x0000000000437870                _dl_non_dynamic_init
 *fill*         0x0000000000438194        0xc 
 .text          0x00000000004381a0      0x323 libc.a(dl-addr.o)
                0x00000000004381a0                _dl_addr
                0x0000000000438470                _dl_addr_inside_object
 *fill*         0x00000000004384c3        0xd 
 .text          0x00000000004384d0       0x45 libc.a(enbl-secure.o)
                0x00000000004384d0                __libc_init_secure
 *fill*         0x0000000000438515        0xb 
 .text          0x0000000000438520      0x105 libc.a(dl-sysdep.o)
                0x0000000000438520                _dl_discover_osversion
 *fill*         0x0000000000438625        0xb 
 .text          0x0000000000438630       0x99 libc.a(init-first.o)
                0x0000000000438630                __libc_init_first
                0x00000000004386c0                _dl_start
 *fill*         0x00000000004386c9        0x7 
 .text          0x00000000004386d0       0x10 libc.a(sysdep.o)
                0x00000000004386d0                __syscall_error
                0x00000000004386d3                __syscall_error_1
 .text          0x00000000004386e0      0x4cf libc.a(init-arch.o)
                0x00000000004386e0                __init_cpu_features
                0x0000000000438930                __get_cpu_features
 *fill*         0x0000000000438baf        0x1 
 .text          0x0000000000438bb0      0x770 libc.a(gconv_open.o)
                0x0000000000438bb0                __gconv_open
 .text          0x0000000000439320      0x239 libc.a(gconv.o)
                0x0000000000439320                __gconv
 *fill*         0x0000000000439559        0x7 
 .text          0x0000000000439560       0xa1 libc.a(gconv_close.o)
                0x0000000000439560                __gconv_close
 *fill*         0x0000000000439601        0xf 
 .text          0x0000000000439610     0x10ab libc.a(gconv_db.o)
                0x0000000000439610                __gconv_alias_compare
                0x0000000000439660                __gconv_get_modules_db
                0x0000000000439670                __gconv_get_alias_db
                0x0000000000439680                __gconv_release_step
                0x000000000043a180                __gconv_compare_alias
                0x000000000043a260                __gconv_find_transform
                0x000000000043a4f0                __gconv_close_transform
 *fill*         0x000000000043a6bb        0x5 
 .text          0x000000000043a6c0      0xd7d libc.a(gconv_conf.o)
                0x000000000043aae0                __gconv_get_path
                0x000000000043aea0                __gconv_read_conf
 *fill*         0x000000000043b43d        0x3 
 .text          0x000000000043b440      0x23a libc.a(gconv_builtin.o)
                0x000000000043b440                __gconv_get_builtin_trans
 *fill*         0x000000000043b67a        0x6 
 .text          0x000000000043b680     0x6039 libc.a(gconv_simple.o)
                0x000000000043b680                __gconv_btwoc_ascii
                0x000000000043b690                __gconv_transform_internal_ucs4
                0x000000000043bae0                __gconv_transform_ucs4_internal
                0x000000000043c0c0                __gconv_transform_internal_ucs4le
                0x000000000043c4f0                __gconv_transform_ucs4le_internal
                0x000000000043cad0                __gconv_transform_ascii_internal
                0x000000000043cf10                __gconv_transform_internal_ascii
                0x000000000043d860                __gconv_transform_internal_utf8
                0x000000000043e5b0                __gconv_transform_utf8_internal
                0x000000000043f570                __gconv_transform_ucs2_internal
                0x000000000043fc70                __gconv_transform_internal_ucs2
                0x0000000000440620                __gconv_transform_ucs2reverse_internal
                0x0000000000440d10                __gconv_transform_internal_ucs2reverse
 *fill*         0x00000000004416b9        0x7 
 .text          0x00000000004416c0      0x84b libc.a(gconv_trans.o)
                0x00000000004417a0                __gconv_transliterate
                0x0000000000441c30                __gconv_translit_find
 *fill*         0x0000000000441f0b        0x5 
 .text          0x0000000000441f10      0xa52 libc.a(gconv_cache.o)
                0x0000000000442010                __gconv_get_cache
                0x0000000000442020                __gconv_load_cache
                0x0000000000442200                __gconv_compare_alias_cache
                0x00000000004423b0                __gconv_lookup_cache
                0x0000000000442950                __gconv_release_cache
 *fill*         0x0000000000442962        0xe 
 .text          0x0000000000442970      0x298 libc.a(gconv_dl.o)
                0x0000000000442a00                __gconv_find_shlib
                0x0000000000442bf0                __gconv_release_shlib
 .text          0x0000000000442c08        0x0 libc.a(catnames.o)
 *fill*         0x0000000000442c08        0x8 
 .text          0x0000000000442c10      0x8c6 libc.a(setlocale.o)
                0x0000000000442ed0                setlocale
 *fill*         0x00000000004434d6        0xa 
 .text          0x00000000004434e0      0x55a libc.a(findlocale.o)
                0x00000000004434e0                _nl_find_locale
                0x00000000004439f0                _nl_remove_locale
 *fill*         0x0000000000443a3a        0x6 
 .text          0x0000000000443a40      0xa0e libc.a(loadlocale.o)
                0x0000000000443a40                _nl_intern_locale_data
                0x0000000000443d90                _nl_load_locale
                0x00000000004443f0                _nl_unload_locale
 *fill*         0x000000000044444e        0x2 
 .text          0x0000000000444450      0x511 libc.a(loadarchive.o)
                0x0000000000444450                _nl_load_locale_from_archive
 .text          0x0000000000444961        0x0 libc.a(C-ctype.o)
 .text          0x0000000000444961        0x0 libc.a(SYS_libc.o)
 .text          0x0000000000444961        0x0 libc.a(C_name.o)
 .text          0x0000000000444961        0x0 libc.a(xlocale.o)
 .text          0x0000000000444961        0x0 libc.a(global-locale.o)
 *fill*         0x0000000000444961        0xf 
 .text          0x0000000000444970       0x72 libc.a(lc-ctype.o)
                0x0000000000444970                _nl_postload_ctype
 .text          0x00000000004449e2        0x0 libc.a(C-messages.o)
 .text          0x00000000004449e2        0x0 libc.a(C-monetary.o)
 .text          0x00000000004449e2        0x0 libc.a(C-numeric.o)
 .text          0x00000000004449e2        0x0 libc.a(C-paper.o)
 .text          0x00000000004449e2        0x0 libc.a(C-name.o)
 .text          0x00000000004449e2        0x0 libc.a(C-address.o)
 .text          0x00000000004449e2        0x0 libc.a(C-telephone.o)
 .text          0x00000000004449e2        0x0 libc.a(C-measurement.o)
 .text          0x00000000004449e2        0x0 libc.a(C-identification.o)
 .text          0x00000000004449e2        0x0 libc.a(C-collate.o)
 *fill*         0x00000000004449e2        0xe 
 .text          0x00000000004449f0       0x17 libc.a(localename.o)
                0x00000000004449f0                __current_locale_name
 *fill*         0x0000000000444a07        0x9 
 .text          0x0000000000444a10       0xb7 libc.a(ctype-info.o)
                0x0000000000444a10                __ctype_b_loc
                0x0000000000444a30                __ctype_toupper_loc
                0x0000000000444a50                __ctype_tolower_loc
                0x0000000000444a70                __ctype_init
 *fill*         0x0000000000444ac7        0x9 
 .text          0x0000000000444ad0       0x1e libc.a(setfpucw.o)
                0x0000000000444ad0                __setfpucw
 .text          0x0000000000444aee        0x0 libc.a(fpu_control.o)
 *fill*         0x0000000000444aee        0x2 
 .text          0x0000000000444af0       0x57 libc.a(setjmp.o)
                0x0000000000444af0                __sigsetjmp
 *fill*         0x0000000000444b47        0x9 
 .text          0x0000000000444b50       0x26 libc.a(sigjmp.o)
                0x0000000000444b50                __sigjmp_save
 *fill*         0x0000000000444b76        0xa 
 .text          0x0000000000444b80       0x6b libc.a(raise.o)
                0x0000000000444b80                gsignal
                0x0000000000444b80                raise
 *fill*         0x0000000000444beb        0x5 
 .text          0x0000000000444bf0      0x24f libc.a(sigaction.o)
                0x0000000000444c10                __libc_sigaction
                0x0000000000444e20                sigaction
                0x0000000000444e20                __sigaction
 *fill*         0x0000000000444e3f        0x1 
 .text          0x0000000000444e40       0x2b libc.a(sigprocmask.o)
                0x0000000000444e40                __sigprocmask
                0x0000000000444e40                sigprocmask
 *fill*         0x0000000000444e6b        0x5 
 .text          0x0000000000444e70      0xe89 libc.a(qsort.o)
                0x0000000000444e70                _quicksort
 *fill*         0x0000000000445cf9        0x7 
 .text          0x0000000000445d00      0x74f libc.a(setenv.o)
                0x0000000000445d00                __add_to_environ
                0x0000000000446140                setenv
                0x0000000000446140                __setenv
                0x00000000004461a0                unsetenv
                0x00000000004461a0                __unsetenv
                0x00000000004462c0                clearenv
                0x00000000004462c0                __clearenv
 *fill*         0x000000000044644f        0x1 
 .text          0x0000000000446450       0x13 libc.a(secure-getenv.o)
                0x0000000000446450                secure_getenv
                0x0000000000446450                __libc_secure_getenv
 *fill*         0x0000000000446463        0xd 
 .text          0x0000000000446470       0x22 libc.a(strtol.o)
                0x0000000000446470                __strtol_internal
                0x0000000000446470                __strtoll_internal
                0x0000000000446480                strtoll
                0x0000000000446480                strtoq
                0x0000000000446480                strtol
 *fill*         0x0000000000446492        0xe 
 .text          0x00000000004464a0      0x4ba libc.a(strtol_l.o)
                0x00000000004464a0                ____strtol_l_internal
                0x00000000004464a0                ____strtoll_l_internal
                0x0000000000446950                strtoll_l
                0x0000000000446950                strtol_l
                0x0000000000446950                __strtoll_l
                0x0000000000446950                __strtol_l
 *fill*         0x000000000044695a        0x6 
 .text          0x0000000000446960      0x1ec libc.a(_itoa.o)
                0x0000000000446960                _itoa_word
                0x0000000000446a30                _fitoa_word
 .text          0x0000000000446b4c        0x0 libc.a(itoa-digits.o)
 .text          0x0000000000446b4c        0x0 libc.a(itoa-udigits.o)
 *fill*         0x0000000000446b4c        0x4 
 .text          0x0000000000446b50     0x53ae libc.a(vfprintf.o)
                0x0000000000446c00                _IO_vfprintf_internal
                0x0000000000446c00                _IO_vfprintf
                0x0000000000446c00                vfprintf
 *fill*         0x000000000044befe        0x2 
 .text          0x000000000044bf00     0x2866 libc.a(printf_fp.o)
                0x000000000044c060                ___printf_fp
                0x000000000044c060                __printf_fp
                0x000000000044e710                __guess_grouping
 *fill*         0x000000000044e766        0xa 
 .text          0x000000000044e770      0x133 libc.a(reg-printf.o)
                0x000000000044e770                __register_printf_specifier
                0x000000000044e770                register_printf_specifier
                0x000000000044e860                __register_printf_function
                0x000000000044e860                register_printf_function
 *fill*         0x000000000044e8a3        0xd 
 .text          0x000000000044e8b0     0x1b16 libc.a(printf_fphex.o)
                0x000000000044e8b0                __printf_fphex
 *fill*         0x00000000004503c6        0xa 
 .text          0x00000000004503d0      0x373 libc.a(reg-modifier.o)
                0x00000000004503d0                __register_printf_modifier
                0x00000000004503d0                register_printf_modifier
                0x0000000000450560                __handle_registered_modifier_mb
                0x0000000000450640                __handle_registered_modifier_wc
 *fill*         0x0000000000450743        0xd 
 .text          0x0000000000450750       0xf0 libc.a(reg-type.o)
                0x0000000000450750                __register_printf_type
                0x0000000000450750                register_printf_type
 .text          0x0000000000450840       0x8f libc.a(fprintf.o)
                0x0000000000450840                fprintf
                0x0000000000450840                _IO_fprintf
                0x0000000000450840                __fprintf
 *fill*         0x00000000004508cf        0x1 
 .text          0x00000000004508d0       0x8f libc.a(sscanf.o)
                0x00000000004508d0                __sscanf
                0x00000000004508d0                sscanf
                0x00000000004508d0                _IO_sscanf
 *fill*         0x000000000045095f        0x1 
 .text          0x0000000000450960       0x43 libc.a(funlockfile.o)
                0x0000000000450960                _IO_funlockfile
                0x0000000000450960                funlockfile
                0x0000000000450960                __funlockfile
 *fill*         0x00000000004509a3        0xd 
 .text          0x00000000004509b0     0x56ae libc.a(vfwprintf.o)
                0x0000000000450a90                _IO_vfwprintf
                0x0000000000450a90                vfwprintf
                0x0000000000450a90                __vfwprintf
 *fill*         0x000000000045605e        0x2 
 .text          0x0000000000456060      0x7e1 libc.a(printf-parsemb.o)
                0x0000000000456060                __parse_one_specmb
 *fill*         0x0000000000456841        0xf 
 .text          0x0000000000456850      0x74f libc.a(printf-parsewc.o)
                0x0000000000456850                __parse_one_specwc
 *fill*         0x0000000000456f9f        0x1 
 .text          0x0000000000456fa0      0x112 libc.a(filedoalloc.o)
                0x0000000000456fa0                _IO_file_doallocate
 *fill*         0x00000000004570b2        0xe 
 .text          0x00000000004570c0      0x17d libc.a(iofputs.o)
                0x00000000004570c0                _IO_fputs
                0x00000000004570c0                fputs
 *fill*         0x000000000045723d        0x3 
 .text          0x0000000000457240      0x1d1 libc.a(iofwrite.o)
                0x0000000000457240                _IO_fwrite
                0x0000000000457240                fwrite
 *fill*         0x0000000000457411        0xf 
 .text          0x0000000000457420      0x334 libc.a(iogetdelim.o)
                0x0000000000457420                __getdelim
                0x0000000000457420                getdelim
                0x0000000000457420                _IO_getdelim
 *fill*         0x0000000000457754        0xc 
 .text          0x0000000000457760      0x198 libc.a(iogetline.o)
                0x0000000000457760                _IO_getline_info
                0x00000000004578f0                _IO_getline
 *fill*         0x00000000004578f8        0x8 
 .text          0x0000000000457900       0xb1 libc.a(iopadn.o)
                0x0000000000457900                _IO_padn
 *fill*         0x00000000004579b1        0xf 
 .text          0x00000000004579c0       0x6e libc.a(iovsscanf.o)
                0x00000000004579c0                vsscanf
                0x00000000004579c0                __vsscanf
                0x00000000004579c0                _IO_vsscanf
 *fill*         0x0000000000457a2e        0x2 
 .text          0x0000000000457a30      0x594 libc.a(iofwide.o)
                0x0000000000457df0                _IO_fwide
 *fill*         0x0000000000457fc4        0xc 
 .text          0x0000000000457fd0       0x8b libc.a(wfiledoalloc.o)
                0x0000000000457fd0                _IO_wfile_doallocate
 *fill*         0x000000000045805b        0x5 
 .text          0x0000000000458060       0xd1 libc.a(iowpadn.o)
                0x0000000000458060                _IO_wpadn
 *fill*         0x0000000000458131        0xf 
 .text          0x0000000000458140     0x155d libc.a(wgenops.o)
                0x0000000000458380                _IO_least_wmarker
                0x00000000004583c0                _IO_switch_to_main_wget_area
                0x0000000000458400                _IO_switch_to_wbackup_area
                0x0000000000458440                _IO_wsetb
                0x00000000004584d0                _IO_wdefault_pbackfail
                0x00000000004586a0                _IO_wdefault_finish
                0x0000000000458740                _IO_wdefault_uflow
                0x0000000000458770                __woverflow
                0x00000000004587b0                __wuflow
                0x00000000004589b0                __wunderflow
                0x0000000000458bb0                _IO_wdefault_xsputn
                0x0000000000458d90                _IO_wdefault_xsgetn
                0x0000000000459110                _IO_wdoallocbuf
                0x00000000004591c0                _IO_wdefault_doallocate
                0x0000000000459250                _IO_switch_to_wget_mode
                0x00000000004592d0                _IO_free_wbackup_area
                0x0000000000459340                _IO_sputbackwc
                0x0000000000459390                _IO_sungetwc
                0x00000000004593e0                _IO_adjust_wcolumn
                0x0000000000459430                _IO_init_wmarker
                0x0000000000459500                _IO_wmarker_delta
                0x0000000000459550                _IO_seekwmark
                0x0000000000459610                _IO_unsave_wmarkers
 *fill*         0x000000000045969d        0x3 
 .text          0x00000000004596a0       0x49 libc.a(strndup.o)
                0x00000000004596a0                strndup
                0x00000000004596a0                __strndup
 *fill*         0x00000000004596e9        0x7 
 .text          0x00000000004596f0      0x173 libc.a(_strerror.o)
                0x00000000004596f0                __strerror_r
                0x00000000004596f0                strerror_r
 *fill*         0x0000000000459863        0xd 
 .text          0x0000000000459870      0x220 libc.a(strnlen.o)
                0x0000000000459870                __strnlen
                0x0000000000459870                strnlen
 .text          0x0000000000459a90      0x2e2 libc.a(strrchr.o)
                0x0000000000459a90                strrchr
                0x0000000000459a90                rindex
 *fill*         0x0000000000459d72        0xe 
 .text          0x0000000000459d80       0xea libc.a(argz-ctsep.o)
                0x0000000000459d80                __argz_create_sep
                0x0000000000459d80                argz_create_sep
 *fill*         0x0000000000459e6a        0x6 
 .text          0x0000000000459e70       0xae libc.a(argz-addsep.o)
                0x0000000000459e70                argz_add_sep
                0x0000000000459e70                __argz_add_sep
 *fill*         0x0000000000459f1e        0x2 
 .text          0x0000000000459f20        0x9 libc.a(wmemcpy.o)
                0x0000000000459f20                wmemcpy
                0x0000000000459f20                __wmemcpy
 *fill*         0x0000000000459f29        0x7 
 .text          0x0000000000459f30       0x75 libc.a(wmemset.o)
                0x0000000000459f30                wmemset
 *fill*         0x0000000000459fa5        0xb 
 .text          0x0000000000459fb0      0x298 libc.a(wcslen.o)
                0x0000000000459fb0                wcslen
                0x0000000000459fb0                __wcslen
 *fill*         0x000000000045a248        0x8 
 .text          0x000000000045a250        0x9 libc.a(wmemmove.o)
                0x000000000045a250                __wmemmove
                0x000000000045a250                wmemmove
 *fill*         0x000000000045a259        0x7 
 .text          0x000000000045a260      0x17f libc.a(btowc.o)
                0x000000000045a260                __btowc
                0x000000000045a260                btowc
 *fill*         0x000000000045a3df        0x1 
 .text          0x000000000045a3e0      0x1d0 libc.a(wcrtomb.o)
                0x000000000045a3e0                c32rtomb
                0x000000000045a3e0                __wcrtomb
                0x000000000045a3e0                wcrtomb
 .text          0x000000000045a5b0       0x1f libc.a(mbsrtowcs.o)
                0x000000000045a5b0                mbsrtowcs
                0x000000000045a5b0                __mbsrtowcs
 *fill*         0x000000000045a5cf        0x1 
 .text          0x000000000045a5d0      0x2a3 libc.a(wcsrtombs.o)
                0x000000000045a5d0                wcsrtombs
                0x000000000045a5d0                __wcsrtombs
 *fill*         0x000000000045a873        0xd 
 .text          0x000000000045a880       0x99 libc.a(wcsnlen.o)
                0x000000000045a880                wcsnlen
                0x000000000045a880                __wcsnlen
 *fill*         0x000000000045a919        0x7 
 .text          0x000000000045a920       0x22 libc.a(wcschrnul.o)
                0x000000000045a920                __wcschrnul
                0x000000000045a920                wcschrnul
 *fill*         0x000000000045a942        0xe 
 .text          0x000000000045a950      0x36b libc.a(mbsrtowcs_l.o)
                0x000000000045a950                __mbsrtowcs_l
 *fill*         0x000000000045acbb        0x5 
 .text          0x000000000045acc0        0x8 libc.a(time.o)
                0x000000000045acc0                time
 *fill*         0x000000000045acc8        0x8 
 .text          0x000000000045acd0     0x1677 libc.a(tzset.o)
                0x000000000045ad10                __tzstring
                0x000000000045add0                __tzset_parse_tz
                0x000000000045b920                __tzname_max
                0x000000000045b990                __tz_compute
                0x000000000045c080                __tzset
                0x000000000045c080                tzset
                0x000000000045c110                __tz_convert
 *fill*         0x000000000045c347        0x9 
 .text          0x000000000045c350     0x175b libc.a(tzfile.o)
                0x000000000045c350                __tzfile_read
                0x000000000045d230                __tzfile_default
                0x000000000045d410                __tzfile_compute
 *fill*         0x000000000045daab        0x5 
 .text          0x000000000045dab0      0x282 libc.a(opendir.o)
                0x000000000045dab0                __opendirat
                0x000000000045db60                __opendir
                0x000000000045db60                opendir
                0x000000000045dc20                __alloc_dir
 *fill*         0x000000000045dd32        0xe 
 .text          0x000000000045dd40       0x2c libc.a(closedir.o)
                0x000000000045dd40                __closedir
                0x000000000045dd40                closedir
 *fill*         0x000000000045dd6c        0x4 
 .text          0x000000000045dd70      0x10d libc.a(readdir.o)
                0x000000000045dd70                readdir
                0x000000000045dd70                __readdir64
                0x000000000045dd70                __readdir
                0x000000000045dd70                readdir64
 *fill*         0x000000000045de7d        0x3 
 .text          0x000000000045de80       0x97 libc.a(rewinddir.o)
                0x000000000045de80                rewinddir
 *fill*         0x000000000045df17        0x9 
 .text          0x000000000045df20       0x84 libc.a(getdents.o)
                0x000000000045df20                __getdents
                0x000000000045df20                __getdents64
 *fill*         0x000000000045dfa4        0xc 
 .text          0x000000000045dfb0       0x85 libc.a(fdopendir.o)
                0x000000000045dfb0                fdopendir
                0x000000000045dfb0                __fdopendir
 *fill*         0x000000000045e035        0xb 
 .text          0x000000000045e040       0x14 libc.a(uname.o)
                0x000000000045e040                uname
                0x000000000045e040                __uname
 *fill*         0x000000000045e054        0xc 
 .text          0x000000000045e060      0x2da libc.a(fork.o)
                0x000000000045e060                fork
                0x000000000045e060                __libc_fork
                0x000000000045e060                __fork
 *fill*         0x000000000045e33a        0x6 
 .text          0x000000000045e340        0x8 libc.a(getuid.o)
                0x000000000045e340                getuid
                0x000000000045e340                __getuid
 *fill*         0x000000000045e348        0x8 
 .text          0x000000000045e350        0x8 libc.a(geteuid.o)
                0x000000000045e350                geteuid
                0x000000000045e350                __geteuid
 *fill*         0x000000000045e358        0x8 
 .text          0x000000000045e360        0x8 libc.a(getgid.o)
                0x000000000045e360                getgid
                0x000000000045e360                __getgid
 *fill*         0x000000000045e368        0x8 
 .text          0x000000000045e370        0x8 libc.a(getegid.o)
                0x000000000045e370                getegid
                0x000000000045e370                __getegid
 *fill*         0x000000000045e378        0x8 
 .text          0x000000000045e380       0x45 libc.a(lxstat.o)
                0x000000000045e380                _lxstat
                0x000000000045e380                __lxstat
                0x000000000045e380                __lxstat64
 *fill*         0x000000000045e3c5        0xb 
 .text          0x000000000045e3d0       0x4d libc.a(fxstatat.o)
                0x000000000045e3d0                __fxstatat
                0x000000000045e3d0                __fxstatat64
                0x000000000045e3d0                __GI___fxstatat64
 *fill*         0x000000000045e41d        0x3 
 .text          0x000000000045e420      0x10b libc.a(openat.o)
                0x000000000045e420                __openat64_nocancel
                0x000000000045e420                __openat_nocancel
                0x000000000045e450                __openat64
                0x000000000045e450                openat64
                0x000000000045e450                __openat
                0x000000000045e450                openat
 *fill*         0x000000000045e52b        0x5 
 .text          0x000000000045e530       0x14 libc.a(access.o)
                0x000000000045e530                access
                0x000000000045e530                __access
 *fill*         0x000000000045e544        0xc 
 .text          0x000000000045e550       0x19 libc.a(isatty.o)
                0x000000000045e550                isatty
                0x000000000045e550                __isatty
 *fill*         0x000000000045e569        0x7 
 .text          0x000000000045e570       0xa9 libc.a(tcgetattr.o)
                0x000000000045e570                __tcgetattr
                0x000000000045e570                tcgetattr
 *fill*         0x000000000045e619        0x7 
 .text          0x000000000045e620       0x5e libc.a(brk.o)
                0x000000000045e620                __brk
                0x000000000045e620                brk
 *fill*         0x000000000045e67e        0x2 
 .text          0x000000000045e680       0x93 libc.a(writev.o)
                0x000000000045e680                writev
                0x000000000045e680                __libc_writev
                0x000000000045e680                __writev
 *fill*         0x000000000045e713        0xd 
 .text          0x000000000045e720       0x85 libc.a(wctrans.o)
                0x000000000045e720                __wctrans
                0x000000000045e720                wctrans
 *fill*         0x000000000045e7a5        0xb 
 .text          0x000000000045e7b0       0x4a libc.a(towctrans.o)
                0x000000000045e7b0                towctrans
                0x000000000045e7b0                __towctrans
 *fill*         0x000000000045e7fa        0x6 
 .text          0x000000000045e800      0x1b1 libc.a(readonly-area.o)
                0x000000000045e800                __readonly_area
 *fill*         0x000000000045e9b1        0xf 
 .text          0x000000000045e9c0     0x4294 libc.a(dl-load.o)
                0x0000000000460d10                _dl_dst_count
                0x0000000000460ed0                _dl_dst_substitute
                0x00000000004619e0                _dl_init_paths
                0x0000000000461d20                _dl_map_object
                0x0000000000462660                _dl_rtld_di_serinfo
 *fill*         0x0000000000462c54        0xc 
 .text          0x0000000000462c60     0x16e9 libc.a(dl-lookup.o)
                0x0000000000463690                _dl_lookup_symbol_x
                0x00000000004642a0                _dl_setup_hash
 *fill*         0x0000000000464349        0x7 
 .text          0x0000000000464350      0x39e libc.a(dl-object.o)
                0x0000000000464350                _dl_add_to_namespace_list
                0x00000000004643f0                _dl_new_object
 *fill*         0x00000000004646ee        0x2 
 .text          0x00000000004646f0     0x16fa libc.a(dl-reloc.o)
                0x00000000004646f0                _dl_try_allocate_static_tls
                0x00000000004647b0                _dl_allocate_static_tls
                0x0000000000464870                _dl_nothread_init_static_tls
                0x00000000004648f0                _dl_protect_relro
                0x0000000000464950                _dl_reloc_bad_type
                0x0000000000464a30                _dl_relocate_object
 *fill*         0x0000000000465dea        0x6 
 .text          0x0000000000465df0      0x774 libc.a(dl-hwcaps.o)
                0x0000000000465df0                _dl_important_hwcaps
 *fill*         0x0000000000466564        0xc 
 .text          0x0000000000466570      0x307 libc.a(dl-error.o)
                0x0000000000466570                _dl_signal_error
                0x00000000004666e0                _dl_signal_cerror
                0x0000000000466760                _dl_catch_error
                0x0000000000466820                _dl_receive_error
 *fill*         0x0000000000466877        0x9 
 .text          0x0000000000466880       0x7c libc.a(dl-debug.o)
                0x0000000000466880                _dl_debug_state
                0x0000000000466890                _dl_debug_initialize
 *fill*         0x00000000004668fc        0x4 
 .text          0x0000000000466900      0x8fe libc.a(dl-misc.o)
                0x0000000000466e90                _dl_sysdep_read_whole_file
                0x0000000000466f20                _dl_debug_printf
                0x0000000000466fd0                _dl_debug_printf_c
                0x0000000000467080                _dl_dprintf
                0x0000000000467120                _dl_name_match_p
                0x0000000000467190                _dl_higher_prime_number
 *fill*         0x00000000004671fe        0x2 
 .text          0x0000000000467200      0x786 libc.a(dl-tls.o)
                0x0000000000467200                _dl_next_tls_modid
                0x00000000004672e0                _dl_get_tls_static_info
                0x0000000000467300                _dl_allocate_tls_storage
                0x0000000000467440                _dl_allocate_tls_init
                0x0000000000467660                _dl_allocate_tls
                0x00000000004677b0                _dl_deallocate_tls
                0x0000000000467840                _dl_tls_get_addr_soft
                0x00000000004678b0                _dl_add_to_slotinfo
 *fill*         0x0000000000467986        0xa 
 .text          0x0000000000467990      0x167 libc.a(dl-origin.o)
                0x0000000000467990                _dl_get_origin
 *fill*         0x0000000000467af7        0x9 
 .text          0x0000000000467b00       0xbb libc.a(dl-scope.o)
                0x0000000000467b00                _dl_scope_free
 *fill*         0x0000000000467bbb        0x5 
 .text          0x0000000000467bc0       0x52 libc.a(dl-execstack.o)
                0x0000000000467bc0                _dl_make_stack_executable
 *fill*         0x0000000000467c12        0xe 
 .text          0x0000000000467c20      0xf29 libc.a(dl-open.o)
                0x0000000000467e40                _dl_find_dso_for_object
                0x0000000000467ed0                _dl_open
                0x0000000000468170                _dl_show_scope
 *fill*         0x0000000000468b49        0x7 
 .text          0x0000000000468b50      0xe48 libc.a(dl-close.o)
                0x0000000000468c90                _dl_close_worker
                0x0000000000469920                _dl_close
 *fill*         0x0000000000469998        0x8 
 .text          0x00000000004699a0      0x5cd libc.a(dl-trampoline.o)
                0x00000000004699a0                _dl_runtime_resolve
                0x0000000000469a10                _dl_runtime_profile
 *fill*         0x0000000000469f6d        0x3 
 .text          0x0000000000469f70      0xa88 libc.a(dl-cache.o)
                0x0000000000469f70                _dl_cache_libcmp
                0x000000000046a060                _dl_load_cache_lookup
                0x000000000046a9c0                _dl_unload_cache
 *fill*         0x000000000046a9f8        0x8 
 .text          0x000000000046aa00       0x32 libc.a(dl-profstub.o)
                0x000000000046aa00                _dl_mcount_wrapper
                0x000000000046aa10                _dl_mcount_wrapper_check
 *fill*         0x000000000046aa32        0xe 
 .text          0x000000000046aa40      0x425 libc.a(dl-libc.o)
                0x000000000046ab60                __libc_dlclose
                0x000000000046abd0                __libc_dlsym
                0x000000000046ac50                __libc_dlopen_mode
                0x000000000046ad60                __libc_dlsym_private
                0x000000000046ade0                __libc_register_dl_open_hook
 *fill*         0x000000000046ae65        0xb 
 .text          0x000000000046ae70       0x10 libc.a(dl-tsd.o)
                0x000000000046ae70                _dl_initial_error_catch_tsd
 .text          0x000000000046ae80      0x1e9 libc.a(tlsdesc.o)
                0x000000000046ae80                _dl_tlsdesc_resolve_rela_fixup
                0x000000000046b010                _dl_tlsdesc_resolve_hold_fixup
                0x000000000046b050                _dl_unmap
 *fill*         0x000000000046b069        0x7 
 .text          0x000000000046b070      0x101 libc.a(dl-tlsdesc.o)
                0x000000000046b070                _dl_tlsdesc_return
                0x000000000046b080                _dl_tlsdesc_undefweak
                0x000000000046b090                _dl_tlsdesc_resolve_rela
                0x000000000046b100                _dl_tlsdesc_resolve_hold
 .text          0x000000000046b171        0x0 libc.a(C-time.o)
 .text          0x000000000046b171        0x0 libc.a(lc-monetary.o)
 .text          0x000000000046b171        0x0 libc.a(lc-numeric.o)
 *fill*         0x000000000046b171        0xf 
 .text          0x000000000046b180       0x35 libc.a(s_isinf.o)
                0x000000000046b180                __isinf
                0x000000000046b180                isinf
 *fill*         0x000000000046b1b5        0xb 
 .text          0x000000000046b1c0       0x24 libc.a(s_isnan.o)
                0x000000000046b1c0                __isnan
                0x000000000046b1c0                isnan
 *fill*         0x000000000046b1e4        0xc 
 .text          0x000000000046b1f0       0x44 libc.a(s_isinfl.o)
                0x000000000046b1f0                isinfl
                0x000000000046b1f0                __isinfl
 *fill*         0x000000000046b234        0xc 
 .text          0x000000000046b240       0x35 libc.a(s_isnanl.o)
                0x000000000046b240                __isnanl
                0x000000000046b240                isnanl
 *fill*         0x000000000046b275        0xb 
 .text          0x000000000046b280       0x50 libc.a(__longjmp.o)
                0x000000000046b280                __longjmp
 .text          0x000000000046b2d0       0x3b libc.a(cmp.o)
                0x000000000046b2d0                __mpn_cmp
 *fill*         0x000000000046b30b        0x5 
 .text          0x000000000046b310      0x47e libc.a(divrem.o)
                0x000000000046b310                __mpn_divrem
 *fill*         0x000000000046b78e        0x2 
 .text          0x000000000046b790      0x103 libc.a(lshift.o)
                0x000000000046b790                __mpn_lshift
 *fill*         0x000000000046b893        0xd 
 .text          0x000000000046b8a0      0x103 libc.a(rshift.o)
                0x000000000046b8a0                __mpn_rshift
 *fill*         0x000000000046b9a3        0xd 
 .text          0x000000000046b9b0      0x389 libc.a(mul.o)
                0x000000000046b9b0                __mpn_mul
 *fill*         0x000000000046bd39        0x7 
 .text          0x000000000046bd40      0x119 libc.a(mul_1.o)
                0x000000000046bd40                __mpn_mul_1
 *fill*         0x000000000046be59        0x7 
 .text          0x000000000046be60      0x9ae libc.a(mul_n.o)
                0x000000000046be60                __mpn_impn_mul_n_basecase
                0x000000000046bf60                __mpn_impn_mul_n
                0x000000000046c350                __mpn_impn_sqr_n_basecase
                0x000000000046c430                __mpn_impn_sqr_n
                0x000000000046c7a0                __mpn_mul_n
 *fill*         0x000000000046c80e        0x2 
 .text          0x000000000046c810       0xad libc.a(sub_n.o)
                0x000000000046c810                __mpn_sub_n
 *fill*         0x000000000046c8bd        0x3 
 .text          0x000000000046c8c0       0xeb libc.a(submul_1.o)
                0x000000000046c8c0                __mpn_submul_1
 *fill*         0x000000000046c9ab        0x5 
 .text          0x000000000046c9b0       0x9c libc.a(dbl2mpn.o)
                0x000000000046c9b0                __mpn_extract_double
 *fill*         0x000000000046ca4c        0x4 
 .text          0x000000000046ca50       0xb5 libc.a(ldbl2mpn.o)
                0x000000000046ca50                __mpn_extract_long_double
 .text          0x000000000046cb05        0x0 libc.a(fpioconst.o)
 .text          0x000000000046cb05        0x0 libc.a(itowa-digits.o)
 *fill*         0x000000000046cb05        0xb 
 .text          0x000000000046cb10     0x90dd libc.a(vfscanf.o)
                0x000000000046cb10                _IO_vfscanf_internal
                0x000000000046cb10                _IO_vfscanf
                0x0000000000475bb0                vfscanf
                0x0000000000475bb0                __vfscanf
                0x0000000000475bb0                ___vfscanf
 .text          0x0000000000475bed        0x0 libc.a(errlist.o)
 *fill*         0x0000000000475bed        0x3 
 .text          0x0000000000475bf0       0x2c libc.a(fileno.o)
                0x0000000000475bf0                fileno_unlocked
                0x0000000000475bf0                fileno
 *fill*         0x0000000000475c1c        0x4 
 .text          0x0000000000475c20      0x14a libc.a(fseek.o)
                0x0000000000475c20                fseek
 *fill*         0x0000000000475d6a        0x6 
 .text          0x0000000000475d70      0x18e libc.a(ftello.o)
                0x0000000000475d70                ftello64
                0x0000000000475d70                ftello
 *fill*         0x0000000000475efe        0x2 
 .text          0x0000000000475f00       0x46 libc.a(iofread_u.o)
                0x0000000000475f00                fread_unlocked
 *fill*         0x0000000000475f46        0xa 
 .text          0x0000000000475f50      0x35f libc.a(sdlerror.o)
                0x0000000000475f90                __dlerror
                0x0000000000476180                _dlerror_run
                0x0000000000476290                __libc_register_dlfcn_hook
 *fill*         0x00000000004762af        0x1 
 .text          0x00000000004762b0        0x9 libc.a(sdladdr.o)
                0x00000000004762b0                __dladdr
 *fill*         0x00000000004762b9        0x7 
 .text          0x00000000004762c0       0x22 libc.a(sdladdr1.o)
                0x00000000004762c0                __dladdr1
 *fill*         0x00000000004762e2        0xe 
 .text          0x00000000004762f0      0x102 libc.a(sdlinfo.o)
                0x00000000004763c0                __dlinfo
 *fill*         0x00000000004763f2        0xe 
 .text          0x0000000000476400       0xba libc.a(sdlmopen.o)
                0x0000000000476470                __dlmopen
 *fill*         0x00000000004764ba        0x6 
 .text          0x00000000004764c0       0x7b libc.a(strerror.o)
                0x00000000004764c0                strerror
 *fill*         0x000000000047653b        0x5 
 .text          0x0000000000476540       0x7c libc.a(strsep.o)
                0x0000000000476540                __strsep
                0x0000000000476540                strsep
                0x0000000000476540                __strsep_g
 *fill*         0x00000000004765bc        0x4 
 .text          0x00000000004765c0       0x19 libc.a(mbrlen.o)
                0x00000000004765c0                mbrlen
                0x00000000004765c0                __mbrlen
 *fill*         0x00000000004765d9        0x7 
 .text          0x00000000004765e0      0x218 libc.a(mbrtowc.o)
                0x00000000004765e0                mbrtowc
                0x00000000004765e0                mbrtoc32
                0x00000000004765e0                __mbrtowc
 *fill*         0x00000000004767f8        0x8 
 .text          0x0000000000476800      0x410 libc.a(offtime.o)
                0x0000000000476800                __offtime
 .text          0x0000000000476c10       0x1f libc.a(localtime.o)
                0x0000000000476c10                __localtime_r
                0x0000000000476c10                localtime_r
                0x0000000000476c20                localtime
 *fill*         0x0000000000476c2f        0x1 
 .text          0x0000000000476c30     0x1458 libc.a(mktime.o)
                0x0000000000476c30                __mktime_internal
                0x0000000000477670                mktime
                0x0000000000477670                timelocal
 *fill*         0x0000000000478088        0x8 
 .text          0x0000000000478090       0x3d libc.a(getpid.o)
                0x0000000000478090                __getpid
                0x0000000000478090                getpid
 *fill*         0x00000000004780cd        0x3 
 .text          0x00000000004780d0     0x1715 libc.a(dl-deps.o)
                0x00000000004785c0                _dl_map_object_deps
 *fill*         0x00000000004797e5        0xb 
 .text          0x00000000004797f0      0x3d2 libc.a(dl-runtime.o)
                0x00000000004797f0                _dl_fixup
                0x00000000004799b0                _dl_profile_fixup
                0x0000000000479bc0                _dl_call_pltexit
 *fill*         0x0000000000479bc2        0xe 
 .text          0x0000000000479bd0      0x225 libc.a(dl-init.o)
                0x0000000000479ce0                _dl_init
 *fill*         0x0000000000479df5        0xb 
 .text          0x0000000000479e00      0x7f0 libc.a(dl-fini.o)
                0x0000000000479e00                _dl_sort_fini
                0x000000000047a090                _dl_fini
 .text          0x000000000047a5f0      0x827 libc.a(dl-version.o)
                0x000000000047a950                _dl_check_map_versions
                0x000000000047adb0                _dl_check_all_versions
 *fill*         0x000000000047ae17        0x9 
 .text          0x000000000047ae20      0x9bf libc.a(dl-profile.o)
                0x000000000047ae20                _dl_start_profile
                0x000000000047b580                _dl_mcount
 *fill*         0x000000000047b7df        0x1 
 .text          0x000000000047b7e0       0xad libc.a(add_n.o)
                0x000000000047b7e0                __mpn_add_n
 *fill*         0x000000000047b88d        0x3 
 .text          0x000000000047b890       0xeb libc.a(addmul_1.o)
                0x000000000047b890                __mpn_addmul_1
 *fill*         0x000000000047b97b        0x5 
 .text          0x000000000047b980       0x22 libc.a(strtof.o)
                0x000000000047b980                __strtof_internal
                0x000000000047b990                strtof
 *fill*         0x000000000047b9a2        0xe 
 .text          0x000000000047b9b0       0x22 libc.a(strtod.o)
                0x000000000047b9b0                __strtod_internal
                0x000000000047b9c0                strtod
 *fill*         0x000000000047b9d2        0xe 
 .text          0x000000000047b9e0       0x22 libc.a(strtold.o)
                0x000000000047b9e0                __strtold_internal
                0x000000000047b9f0                strtold
 *fill*         0x000000000047ba02        0xe 
 .text          0x000000000047ba10     0x2dda libc.a(strtof_l.o)
                0x000000000047c170                ____strtof_l_internal
                0x000000000047e7e0                strtof_l
                0x000000000047e7e0                __strtof_l
 *fill*         0x000000000047e7ea        0x6 
 .text          0x000000000047e7f0     0x29fa libc.a(strtod_l.o)
                0x000000000047ef90                ____strtod_l_internal
                0x00000000004811e0                __strtod_l
                0x00000000004811e0                strtod_l
 *fill*         0x00000000004811ea        0x6 
 .text          0x00000000004811f0     0x28ca libc.a(strtold_l.o)
                0x0000000000481930                ____strtold_l_internal
                0x0000000000483ab0                __strtold_l
                0x0000000000483ab0                strtold_l
 .text          0x0000000000483aba        0x0 libc.a(tens_in_limb.o)
 *fill*         0x0000000000483aba        0x6 
 .text          0x0000000000483ac0      0x2f0 libc.a(ioseekoff.o)
                0x0000000000483ac0                _IO_seekoff_unlocked
                0x0000000000483ba0                _IO_seekoff
 .text          0x0000000000483db0       0xc5 libc.a(sdlopen.o)
                0x0000000000483e30                __dlopen
 *fill*         0x0000000000483e75        0xb 
 .text          0x0000000000483e80       0x30 libc.a(sdlclose.o)
                0x0000000000483e90                __dlclose
 .text          0x0000000000483eb0       0x7c libc.a(sdlsym.o)
                0x0000000000483ed0                __dlsym
 *fill*         0x0000000000483f2c        0x4 
 .text          0x0000000000483f30       0xa4 libc.a(sdlvsym.o)
                0x0000000000483f50                __dlvsym
 *fill*         0x0000000000483fd4        0xc 
 .text          0x0000000000483fe0       0x9c libc.a(strpbrk.o)
                0x0000000000483fe0                strpbrk
 *fill*         0x000000000048407c        0x4 
 .text          0x0000000000484080     0x26f6 libc.a(strncase_l.o)
                0x0000000000484080                strncasecmp_l
                0x0000000000484080                __strncasecmp_l
                0x00000000004840d0                __strncasecmp
                0x00000000004840d0                strncasecmp
                0x0000000000484130                __strncasecmp_sse2
                0x0000000000484140                __strncasecmp_l_sse2
                0x0000000000484140                __GI___strncasecmp_l
 *fill*         0x0000000000486776        0xa 
 .text.sse4.2   0x0000000000486780     0x1fc6 libc.a(strncase_l.o)
                0x0000000000486780                __strncasecmp_sse42
                0x0000000000486790                __strncasecmp_l_sse42
 *fill*         0x0000000000488746        0xa 
 .text.avx      0x0000000000488750     0x19a6 libc.a(strncase_l.o)
                0x0000000000488750                __strncasecmp_avx
                0x0000000000488760                __strncasecmp_l_avx
 .text          0x000000000048a0f6        0x0 libc.a(strncase_l-ssse3.o)
 *fill*         0x000000000048a0f6        0xa 
 .text.ssse3    0x000000000048a100     0x2556 libc.a(strncase_l-ssse3.o)
                0x000000000048a100                __strncasecmp_ssse3
                0x000000000048a110                __strncasecmp_l_ssse3
 *fill*         0x000000000048c656        0xa 